###############################################################################
#                                                                             #
# IAR Assembler V1.40.1.50106 for STM8                  05/Feb/2017  10:42:47 #
# Copyright 2010-2013 IAR Systems AB.                                         #
#                                                                             #
#    Source file  =  E:\RDA1846s\walkphone program\ucos -                     #
#                    transeiver\ucos_II\iarstm8\os_cpu_a.s                    #
#    Command line =  "E:\RDA1846s\walkphone program\ucos -                    #
#                    transeiver\ucos_II\iarstm8\os_cpu_a.s" -M<> -r -ld       #
#                    "E:\RDA1846s\walkphone program\ucos -                    #
#                    transeiver\stm8s\iar\Debug\List\"                        #
#                    "-IE:\RDA1846s\walkphone program\ucos -                  #
#                    transeiver\stm8s\iar\..\..\ucos_ii\iarstm8\"             #
#                    --code_model small --data_model medium -o                #
#                    "E:\RDA1846s\walkphone program\ucos -                    #
#                    transeiver\stm8s\iar\Debug\Obj\"                         #
#    List file    =  E:\RDA1846s\walkphone program\ucos -                     #
#                    transeiver\stm8s\iar\Debug\List\os_cpu_a.lst             #
#    Object file  =  E:\RDA1846s\walkphone program\ucos -                     #
#                    transeiver\stm8s\iar\Debug\Obj\os_cpu_a.o                #
#                                                                             #
#                                                                             #
###############################################################################

##############################################################################
# Module os_cpu_a                                                            #
##############################################################################

    103                                
 
 285 bytes in section .far_func.text   , module os_cpu_a
 285 bytes in section .near_func.text  , module os_cpu_a
 
 570 bytes of CODE memory  in module os_cpu_a

Errors: none
Warnings: none
